
[TestHello - 1]
world
---

[TestOther - 1]
int(5)
int(10)
int(20)
int(25)
---
